
=== bias_scaled {'base': {'name': 'segment_router', 'params': {'default': {'name': 'naive_last'}, 'routes': {'smooth': {'name': 'moving_average', 'params': {'window': 13}}}}}, 'holdout_weeks': 13, 'alpha': 0.5, 'clip_low': 0.85, 'clip_high': 1.2} -> run 2c050a9d24 ===
pooled: {'vn1': np.float64(0.5642), 'wape': np.float64(0.5387), 'bias_pct': np.float64(-0.0255), 'mae': 9.2945}
    origin    vn1   wape  bias_pct     mae
2022-10-10 0.8318 0.5858   -0.2460 10.3327
2023-01-09 0.9419 0.6514    0.2904 10.6976
2023-04-10 0.5506 0.4373   -0.1133  7.4434
2023-07-10 0.5000 0.4855   -0.0146  8.7045

by Syntetos-Boylan class:
     segment  n_series  volume_share    vn1   wape  bias_pct     mae
      smooth      1192        0.3212 0.4531 0.3797    0.0734 31.4303
intermittent      7981        0.3005 0.5453 0.5225   -0.0228  6.9781
       lumpy      4643        0.2043 0.6900 0.6875    0.0025 10.7188
     erratic       907        0.1348 0.6276 0.5927   -0.0349 28.4836
insufficient      5657        0.0392 1.9768 1.0056   -0.9713  2.5136

=== global_lgbm {'n_anchors': 24, 'lgb_params': {'n_estimators': 300, 'learning_rate': 0.08, 'num_leaves': 127, 'min_child_samples': 50, 'tweedie_variance_power': 1.2}} -> run 7548b6e864 ===
pooled: {'vn1': np.float64(0.5622), 'wape': np.float64(0.5542), 'bias_pct': np.float64(-0.0081), 'mae': 9.5614}
    origin    vn1   wape  bias_pct     mae
2022-10-10 0.8309 0.6366   -0.1944 11.2287
2023-01-09 0.8916 0.6416    0.2500 10.5360
2023-04-10 0.5006 0.4560   -0.0446  7.7625
2023-07-10 0.5126 0.4862   -0.0264  8.7185

by Syntetos-Boylan class:
     segment  n_series  volume_share    vn1   wape  bias_pct     mae
      smooth      1192        0.3212 0.5224 0.4199    0.1025 34.7639
intermittent      7981        0.3005 0.5567 0.5285   -0.0282  7.0584
       lumpy      4643        0.2043 0.6818 0.6562   -0.0256 10.2311
     erratic       907        0.1348 0.6148 0.5639   -0.0509 27.0995
insufficient      5657        0.0392 1.8072 1.2864   -0.5208  3.2156
